Archive member included to satisfy reference by file (symbol)

/Applications/Ac6/SystemWorkbench.app/Contents/Eclipse/plugins/fr.ac6.mcu.externaltools.arm-none.macos64_1.17.0.201812190825/tools/compiler/bin/../lib/gcc/arm-none-eabi/7.3.1/thumb/v7e-m/fpv4-sp/hard/libgcc.a(_aeabi_ldivmod.o)
                              HAL_Driver/Src/stm32f4xx_hal_rcc.o (__aeabi_ldivmod)
/Applications/Ac6/SystemWorkbench.app/Contents/Eclipse/plugins/fr.ac6.mcu.externaltools.arm-none.macos64_1.17.0.201812190825/tools/compiler/bin/../lib/gcc/arm-none-eabi/7.3.1/thumb/v7e-m/fpv4-sp/hard/libgcc.a(_aeabi_uldivmod.o)
                              HAL_Driver/Src/stm32f4xx_hal_rcc.o (__aeabi_uldivmod)
/Applications/Ac6/SystemWorkbench.app/Contents/Eclipse/plugins/fr.ac6.mcu.externaltools.arm-none.macos64_1.17.0.201812190825/tools/compiler/bin/../lib/gcc/arm-none-eabi/7.3.1/thumb/v7e-m/fpv4-sp/hard/libgcc.a(_udivmoddi4.o)
                              /Applications/Ac6/SystemWorkbench.app/Contents/Eclipse/plugins/fr.ac6.mcu.externaltools.arm-none.macos64_1.17.0.201812190825/tools/compiler/bin/../lib/gcc/arm-none-eabi/7.3.1/thumb/v7e-m/fpv4-sp/hard/libgcc.a(_aeabi_ldivmod.o) (__udivmoddi4)
/Applications/Ac6/SystemWorkbench.app/Contents/Eclipse/plugins/fr.ac6.mcu.externaltools.arm-none.macos64_1.17.0.201812190825/tools/compiler/bin/../lib/gcc/arm-none-eabi/7.3.1/thumb/v7e-m/fpv4-sp/hard/libgcc.a(_dvmd_tls.o)
                              /Applications/Ac6/SystemWorkbench.app/Contents/Eclipse/plugins/fr.ac6.mcu.externaltools.arm-none.macos64_1.17.0.201812190825/tools/compiler/bin/../lib/gcc/arm-none-eabi/7.3.1/thumb/v7e-m/fpv4-sp/hard/libgcc.a(_aeabi_ldivmod.o) (__aeabi_ldiv0)
/Applications/Ac6/SystemWorkbench.app/Contents/Eclipse/plugins/fr.ac6.mcu.externaltools.arm-none.macos64_1.17.0.201812190825/tools/compiler/bin/../lib/gcc/arm-none-eabi/7.3.1/../../../../arm-none-eabi/lib/thumb/v7e-m/fpv4-sp/hard/libc.a(lib_a-errno.o)
                              src/syscalls.o (__errno)
/Applications/Ac6/SystemWorkbench.app/Contents/Eclipse/plugins/fr.ac6.mcu.externaltools.arm-none.macos64_1.17.0.201812190825/tools/compiler/bin/../lib/gcc/arm-none-eabi/7.3.1/../../../../arm-none-eabi/lib/thumb/v7e-m/fpv4-sp/hard/libc.a(lib_a-exit.o)
                              /Applications/Ac6/SystemWorkbench.app/Contents/Eclipse/plugins/fr.ac6.mcu.externaltools.arm-none.macos64_1.17.0.201812190825/tools/compiler/bin/../lib/gcc/arm-none-eabi/7.3.1/../../../../arm-none-eabi/lib/thumb/v7e-m/fpv4-sp/hard/crt0.o (exit)
/Applications/Ac6/SystemWorkbench.app/Contents/Eclipse/plugins/fr.ac6.mcu.externaltools.arm-none.macos64_1.17.0.201812190825/tools/compiler/bin/../lib/gcc/arm-none-eabi/7.3.1/../../../../arm-none-eabi/lib/thumb/v7e-m/fpv4-sp/hard/libc.a(lib_a-impure.o)
                              /Applications/Ac6/SystemWorkbench.app/Contents/Eclipse/plugins/fr.ac6.mcu.externaltools.arm-none.macos64_1.17.0.201812190825/tools/compiler/bin/../lib/gcc/arm-none-eabi/7.3.1/../../../../arm-none-eabi/lib/thumb/v7e-m/fpv4-sp/hard/libc.a(lib_a-exit.o) (_global_impure_ptr)
/Applications/Ac6/SystemWorkbench.app/Contents/Eclipse/plugins/fr.ac6.mcu.externaltools.arm-none.macos64_1.17.0.201812190825/tools/compiler/bin/../lib/gcc/arm-none-eabi/7.3.1/../../../../arm-none-eabi/lib/thumb/v7e-m/fpv4-sp/hard/libc.a(lib_a-init.o)
                              /Applications/Ac6/SystemWorkbench.app/Contents/Eclipse/plugins/fr.ac6.mcu.externaltools.arm-none.macos64_1.17.0.201812190825/tools/compiler/bin/../lib/gcc/arm-none-eabi/7.3.1/../../../../arm-none-eabi/lib/thumb/v7e-m/fpv4-sp/hard/crt0.o (__libc_init_array)
/Applications/Ac6/SystemWorkbench.app/Contents/Eclipse/plugins/fr.ac6.mcu.externaltools.arm-none.macos64_1.17.0.201812190825/tools/compiler/bin/../lib/gcc/arm-none-eabi/7.3.1/../../../../arm-none-eabi/lib/thumb/v7e-m/fpv4-sp/hard/libc.a(lib_a-memset.o)
                              /Applications/Ac6/SystemWorkbench.app/Contents/Eclipse/plugins/fr.ac6.mcu.externaltools.arm-none.macos64_1.17.0.201812190825/tools/compiler/bin/../lib/gcc/arm-none-eabi/7.3.1/../../../../arm-none-eabi/lib/thumb/v7e-m/fpv4-sp/hard/crt0.o (memset)
/Applications/Ac6/SystemWorkbench.app/Contents/Eclipse/plugins/fr.ac6.mcu.externaltools.arm-none.macos64_1.17.0.201812190825/tools/compiler/bin/../lib/gcc/arm-none-eabi/7.3.1/../../../../arm-none-eabi/lib/thumb/v7e-m/fpv4-sp/hard/libc.a(lib_a-__call_atexit.o)
                              /Applications/Ac6/SystemWorkbench.app/Contents/Eclipse/plugins/fr.ac6.mcu.externaltools.arm-none.macos64_1.17.0.201812190825/tools/compiler/bin/../lib/gcc/arm-none-eabi/7.3.1/../../../../arm-none-eabi/lib/thumb/v7e-m/fpv4-sp/hard/libc.a(lib_a-exit.o) (__call_exitprocs)
/Applications/Ac6/SystemWorkbench.app/Contents/Eclipse/plugins/fr.ac6.mcu.externaltools.arm-none.macos64_1.17.0.201812190825/tools/compiler/bin/../lib/gcc/arm-none-eabi/7.3.1/../../../../arm-none-eabi/lib/thumb/v7e-m/fpv4-sp/hard/libc.a(lib_a-atexit.o)
[...]
Memory Configuration

Name             Origin             Length             Attributes
FLASH            0x0000000008000000 0x0000000000100000 xr
RAM              0x0000000020000000 0x0000000000030000 xrw
MEMORY_B1        0x0000000060000000 0x0000000000000000 xr
*default*        0x0000000000000000 0xffffffffffffffff

Linker script and memory map

LOAD /Applications/Ac6/SystemWorkbench.app/Contents/Eclipse/plugins/fr.ac6.mcu.externaltools.arm-none.macos64_1.17.0.201812190825/tools/compiler/bin/../lib/gcc/arm-none-eabi/7.3.1/thumb/v7e-m/fpv4-sp/hard/crti.o
LOAD /Applications/Ac6/SystemWorkbench.app/Contents/Eclipse/plugins/fr.ac6.mcu.externaltools.arm-none.macos64_1.17.0.201812190825/tools/compiler/bin/../lib/gcc/arm-none-eabi/7.3.1/thumb/v7e-m/fpv4-sp/hard/crtbegin.o
LOAD /Applications/Ac6/SystemWorkbench.app/Contents/Eclipse/plugins/fr.ac6.mcu.externaltools.arm-none.macos64_1.17.0.201812190825/tools/compiler/bin/../lib/gcc/arm-none-eabi/7.3.1/../../../../arm-none-eabi/lib/thumb/v7e-m/fpv4-sp/hard/crt0.o
LOAD HAL_Driver/Src/Legacy/stm32f4xx_hal_can.o
LOAD HAL_Driver/Src/stm32f4xx_hal.o
LOAD HAL_Driver/Src/stm32f4xx_hal_adc.o
LOAD HAL_Driver/Src/stm32f4xx_hal_adc_ex.o
LOAD HAL_Driver/Src/stm32f4xx_hal_can.o
LOAD HAL_Driver/Src/stm32f4xx_hal_cec.o
LOAD HAL_Driver/Src/stm32f4xx_hal_cortex.o
LOAD HAL_Driver/Src/stm32f4xx_hal_crc.o
LOAD HAL_Driver/Src/stm32f4xx_hal_cryp.o
LOAD HAL_Driver/Src/stm32f4xx_hal_cryp_ex.o
LOAD HAL_Driver/Src/stm32f4xx_hal_dac.o
LOAD HAL_Driver/Src/stm32f4xx_hal_dac_ex.o
LOAD HAL_Driver/Src/stm32f4xx_hal_dcmi.o
LOAD HAL_Driver/Src/stm32f4xx_hal_dcmi_ex.o
LOAD HAL_Driver/Src/stm32f4xx_hal_dfsdm.o
LOAD HAL_Driver/Src/stm32f4xx_hal_dma.o
LOAD HAL_Driver/Src/stm32f4xx_hal_dma2d.o
LOAD HAL_Driver/Src/stm32f4xx_hal_dma_ex.o
LOAD HAL_Driver/Src/stm32f4xx_hal_dsi.o
LOAD HAL_Driver/Src/stm32f4xx_hal_eth.o
LOAD HAL_Driver/Src/stm32f4xx_hal_flash.o
LOAD HAL_Driver/Src/stm32f4xx_hal_flash_ex.o
LOAD HAL_Driver/Src/stm32f4xx_hal_flash_ramfunc.o
LOAD HAL_Driver/Src/stm32f4xx_hal_fmpi2c.o
LOAD HAL_Driver/Src/stm32f4xx_hal_fmpi2c_ex.o
LOAD HAL_Driver/Src/stm32f4xx_hal_gpio.o
LOAD HAL_Driver/Src/stm32f4xx_hal_hash.o
LOAD HAL_Driver/Src/stm32f4xx_hal_hash_ex.o
LOAD HAL_Driver/Src/stm32f4xx_hal_hcd.o
LOAD HAL_Driver/Src/stm32f4xx_hal_i2c.o
LOAD HAL_Driver/Src/stm32f4xx_hal_i2c_ex.o
LOAD HAL_Driver/Src/stm32f4xx_hal_i2s.o
LOAD HAL_Driver/Src/stm32f4xx_hal_i2s_ex.o
LOAD HAL_Driver/Src/stm32f4xx_hal_irda.o
LOAD HAL_Driver/Src/stm32f4xx_hal_iwdg.o
LOAD HAL_Driver/Src/stm32f4xx_hal_lptim.o
LOAD HAL_Driver/Src/stm32f4xx_hal_ltdc.o
LOAD HAL_Driver/Src/stm32f4xx_hal_ltdc_ex.o
LOAD HAL_Driver/Src/stm32f4xx_hal_mmc.o
LOAD HAL_Driver/Src/stm32f4xx_hal_msp_template.o
LOAD HAL_Driver/Src/stm32f4xx_hal_nand.o
LOAD HAL_Driver/Src/stm32f4xx_hal_nor.o
LOAD HAL_Driver/Src/stm32f4xx_hal_pccard.o
LOAD HAL_Driver/Src/stm32f4xx_hal_pcd.o
LOAD HAL_Driver/Src/stm32f4xx_hal_pcd_ex.o
LOAD HAL_Driver/Src/stm32f4xx_hal_pwr.o
LOAD HAL_Driver/Src/stm32f4xx_hal_pwr_ex.o
LOAD HAL_Driver/Src/stm32f4xx_hal_qspi.o
LOAD HAL_Driver/Src/stm32f4xx_hal_rcc.o
LOAD HAL_Driver/Src/stm32f4xx_hal_rcc_ex.o
LOAD HAL_Driver/Src/stm32f4xx_hal_rng.o
LOAD HAL_Driver/Src/stm32f4xx_hal_rtc.o
LOAD HAL_Driver/Src/stm32f4xx_hal_rtc_ex.o
LOAD HAL_Driver/Src/stm32f4xx_hal_sai.o
LOAD HAL_Driver/Src/stm32f4xx_hal_sai_ex.o
LOAD HAL_Driver/Src/stm32f4xx_hal_sd.o
LOAD HAL_Driver/Src/stm32f4xx_hal_sdram.o
LOAD HAL_Driver/Src/stm32f4xx_hal_smartcard.o
LOAD HAL_Driver/Src/stm32f4xx_hal_spdifrx.o
LOAD HAL_Driver/Src/stm32f4xx_hal_spi.o
LOAD HAL_Driver/Src/stm32f4xx_hal_sram.o
LOAD HAL_Driver/Src/stm32f4xx_hal_tim.o
LOAD HAL_Driver/Src/stm32f4xx_hal_tim_ex.o
LOAD HAL_Driver/Src/stm32f4xx_hal_uart.o
LOAD HAL_Driver/Src/stm32f4xx_hal_usart.o
LOAD HAL_Driver/Src/stm32f4xx_hal_wwdg.o
LOAD HAL_Driver/Src/stm32f4xx_ll_adc.o
LOAD HAL_Driver/Src/stm32f4xx_ll_crc.o
LOAD HAL_Driver/Src/stm32f4xx_ll_dac.o
LOAD HAL_Driver/Src/stm32f4xx_ll_dma.o
LOAD HAL_Driver/Src/stm32f4xx_ll_dma2d.o
LOAD HAL_Driver/Src/stm32f4xx_ll_exti.o
LOAD HAL_Driver/Src/stm32f4xx_ll_fmc.o
LOAD HAL_Driver/Src/stm32f4xx_ll_fsmc.o
LOAD HAL_Driver/Src/stm32f4xx_ll_gpio.o
LOAD HAL_Driver/Src/stm32f4xx_ll_i2c.o
LOAD HAL_Driver/Src/stm32f4xx_ll_lptim.o
LOAD HAL_Driver/Src/stm32f4xx_ll_pwr.o
LOAD HAL_Driver/Src/stm32f4xx_ll_rcc.o
LOAD HAL_Driver/Src/stm32f4xx_ll_rng.o
LOAD HAL_Driver/Src/stm32f4xx_ll_rtc.o
LOAD HAL_Driver/Src/stm32f4xx_ll_sdmmc.o
LOAD HAL_Driver/Src/stm32f4xx_ll_spi.o
LOAD HAL_Driver/Src/stm32f4xx_ll_tim.o
LOAD HAL_Driver/Src/stm32f4xx_ll_usart.o
LOAD HAL_Driver/Src/stm32f4xx_ll_usb.o
LOAD HAL_Driver/Src/stm32f4xx_ll_utils.o
LOAD Utilities/Components/cs43l22/cs43l22.o
LOAD Utilities/Components/exc7200/exc7200.o
LOAD Utilities/Components/ft6x06/ft6x06.o
LOAD Utilities/Components/ili9325/ili9325.o
LOAD Utilities/Components/ili9341/ili9341.o
LOAD Utilities/Components/l3gd20/l3gd20.o
LOAD Utilities/Components/lis302dl/lis302dl.o
LOAD Utilities/Components/lis3dsh/lis3dsh.o
LOAD Utilities/Components/ls016b8uy/ls016b8uy.o
LOAD Utilities/Components/lsm303dlhc/lsm303dlhc.o
LOAD Utilities/Components/mfxstm32l152/mfxstm32l152.o
LOAD Utilities/Components/otm8009a/otm8009a.o
LOAD Utilities/Components/ov2640/ov2640.o
LOAD Utilities/Components/s5k5cag/s5k5cag.o
LOAD Utilities/Components/st7735/st7735.o
LOAD Utilities/Components/st7789h2/st7789h2.o
LOAD Utilities/Components/stmpe1600/stmpe1600.o
LOAD Utilities/Components/stmpe811/stmpe811.o
LOAD Utilities/Components/ts3510/ts3510.o
LOAD Utilities/Components/wm8994/wm8994.o
LOAD Utilities/STM32F4-Discovery/stm32f4_discovery.o
LOAD Utilities/STM32F4-Discovery/stm32f4_discovery_accelerometer.o
LOAD Utilities/STM32F4-Discovery/stm32f4_discovery_audio.o
LOAD src/main.o
LOAD src/stm32f4xx_it.o
LOAD src/syscalls.o
LOAD src/system_stm32f4xx.o
LOAD startup/startup_stm32f407xx.o
LOAD /Applications/Ac6/SystemWorkbench.app/Contents/Eclipse/plugins/fr.ac6.mcu.externaltools.arm-none.macos64_1.17.0.201812190825/tools/compiler/bin/../lib/gcc/arm-none-eabi/7.3.1/../../../../arm-none-eabi/lib/thumb/v7e-m/fpv4-sp/hard/libstdc++.a
LOAD /Applications/Ac6/SystemWorkbench.app/Contents/Eclipse/plugins/fr.ac6.mcu.externaltools.arm-none.macos64_1.17.0.201812190825/tools/compiler/bin/../lib/gcc/arm-none-eabi/7.3.1/../../../../arm-none-eabi/lib/thumb/v7e-m/fpv4-sp/hard/libm.a
START GROUP
LOAD /Applications/Ac6/SystemWorkbench.app/Contents/Eclipse/plugins/fr.ac6.mcu.externaltools.arm-none.macos64_1.17.0.201812190825/tools/compiler/bin/../lib/gcc/arm-none-eabi/7.3.1/thumb/v7e-m/fpv4-sp/hard/libgcc.a
LOAD /Applications/Ac6/SystemWorkbench.app/Contents/Eclipse/plugins/fr.ac6.mcu.externaltools.arm-none.macos64_1.17.0.201812190825/tools/compiler/bin/../lib/gcc/arm-none-eabi/7.3.1/../../../../arm-none-eabi/lib/thumb/v7e-m/fpv4-sp/hard/libc.a
END GROUP
LOAD /Applications/Ac6/SystemWorkbench.app/Contents/Eclipse/plugins/fr.ac6.mcu.externaltools.arm-none.macos64_1.17.0.201812190825/tools/compiler/bin/../lib/gcc/arm-none-eabi/7.3.1/thumb/v7e-m/fpv4-sp/hard/crtend.o
LOAD /Applications/Ac6/SystemWorkbench.app/Contents/Eclipse/plugins/fr.ac6.mcu.externaltools.arm-none.macos64_1.17.0.201812190825/tools/compiler/bin/../lib/gcc/arm-none-eabi/7.3.1/thumb/v7e-m/fpv4-sp/hard/crtn.o
                0x0000000020020000                _estack = 0x20020000
                0x0000000000000000                _Min_Heap_Size = 0x0
                0x0000000000000400                _Min_Stack_Size = 0x400

.isr_vector     0x0000000008000000      0x188
                0x0000000008000000                . = ALIGN (0x4)
 *(.isr_vector)
 .isr_vector    0x0000000008000000      0x188 startup/startup_stm32f407xx.o
                0x0000000008000000                g_pfnVectors
                0x0000000008000188                . = ALIGN (0x4)

.text           0x0000000008000188      0x29c
                0x0000000008000188                . = ALIGN (0x4)
 *(.text)
 .text          0x0000000008000188       0x40 /Applications/Ac6/SystemWorkbench.app/Contents/Eclipse/plugins/fr.ac6.mcu.externaltools.arm-none.macos64_1.17.0.201812190825/tools/compiler/bin/../lib/gcc/arm-none-eabi/7.3.1/thumb/v7e-m/fpv4-sp/hard/crtbegin.o
 *(.text*)
 .text.HAL_IncTick
                0x00000000080001c8       0x18 HAL_Driver/Src/stm32f4xx_hal.o
                0x00000000080001c8                HAL_IncTick
 .text.HAL_SYSTICK_Callback
                0x00000000080001e0        0x4 HAL_Driver/Src/stm32f4xx_hal_cortex.o
                0x00000000080001e0                HAL_SYSTICK_Callback
 .text.HAL_SYSTICK_IRQHandler
                0x00000000080001e4        0x8 HAL_Driver/Src/stm32f4xx_hal_cortex.o
                0x00000000080001e4                HAL_SYSTICK_IRQHandler
 .text.startup.main
                0x00000000080001ec        0x4 src/main.o
                0x00000000080001ec                main
 .text.SysTick_Handler
                0x00000000080001f0       0x10 src/stm32f4xx_it.o
                0x00000000080001f0                SysTick_Handler
 .text.SystemInit
                0x0000000008000200       0x50 src/system_stm32f4xx.o
                0x0000000008000200                SystemInit
 .text.Reset_Handler
                0x0000000008000250       0x50 startup/startup_stm32f407xx.o
                0x0000000008000250                Reset_Handler
 .text.Default_Handler
                0x00000000080002a0        0x2 startup/startup_stm32f407xx.o
                0x00000000080002a0                DMA1_Stream3_IRQHandler
                0x00000000080002a0                HASH_RNG_IRQHandler
                0x00000000080002a0                EXTI2_IRQHandler
                0x00000000080002a0                TIM8_CC_IRQHandler
                0x00000000080002a0                DebugMon_Handler
                0x00000000080002a0                TIM1_CC_IRQHandler
                0x00000000080002a0                DMA2_Stream5_IRQHandler
                0x00000000080002a0                HardFault_Handler
                0x00000000080002a0                DMA1_Stream5_IRQHandler
                0x00000000080002a0                PVD_IRQHandler
                0x00000000080002a0                SDIO_IRQHandler
                0x00000000080002a0                TAMP_STAMP_IRQHandler
                0x00000000080002a0                PendSV_Handler
                0x00000000080002a0                NMI_Handler
                0x00000000080002a0                CAN2_RX1_IRQHandler
                0x00000000080002a0                EXTI3_IRQHandler
                0x00000000080002a0                TIM8_TRG_COM_TIM14_IRQHandler
                0x00000000080002a0                TIM1_UP_TIM10_IRQHandler
                0x00000000080002a0                TIM8_UP_TIM13_IRQHandler
                0x00000000080002a0                I2C3_ER_IRQHandler
                0x00000000080002a0                EXTI0_IRQHandler
                0x00000000080002a0                I2C2_EV_IRQHandler
                0x00000000080002a0                DMA1_Stream2_IRQHandler
                0x00000000080002a0                CAN1_RX0_IRQHandler
                0x00000000080002a0                FPU_IRQHandler
                0x00000000080002a0                OTG_HS_WKUP_IRQHandler
                0x00000000080002a0                UsageFault_Handler
                0x00000000080002a0                CAN2_SCE_IRQHandler
                0x00000000080002a0                DMA2_Stream2_IRQHandler
                0x00000000080002a0                SPI1_IRQHandler
                0x00000000080002a0                TIM6_DAC_IRQHandler
                0x00000000080002a0                TIM1_BRK_TIM9_IRQHandler
                0x00000000080002a0                DCMI_IRQHandler
                0x00000000080002a0                CAN2_RX0_IRQHandler
                0x00000000080002a0                DMA2_Stream3_IRQHandler
                0x00000000080002a0                USART6_IRQHandler
                0x00000000080002a0                USART3_IRQHandler
                0x00000000080002a0                CAN1_RX1_IRQHandler
                0x00000000080002a0                UART5_IRQHandler
                0x00000000080002a0                DMA2_Stream0_IRQHandler
                0x00000000080002a0                TIM4_IRQHandler
                0x00000000080002a0                I2C1_EV_IRQHandler
                0x00000000080002a0                DMA1_Stream6_IRQHandler
                0x00000000080002a0                DMA1_Stream1_IRQHandler
                0x00000000080002a0                UART4_IRQHandler
                0x00000000080002a0                TIM3_IRQHandler
                0x00000000080002a0                RCC_IRQHandler
                0x00000000080002a0                TIM8_BRK_TIM12_IRQHandler
                0x00000000080002a0                Default_Handler
                0x00000000080002a0                EXTI15_10_IRQHandler
                0x00000000080002a0                ADC_IRQHandler
                0x00000000080002a0                DMA1_Stream7_IRQHandler
                0x00000000080002a0                TIM7_IRQHandler
                0x00000000080002a0                CAN2_TX_IRQHandler
                0x00000000080002a0                TIM5_IRQHandler
                0x00000000080002a0                DMA2_Stream7_IRQHandler
                0x00000000080002a0                I2C3_EV_IRQHandler
                0x00000000080002a0                EXTI9_5_IRQHandler
                0x00000000080002a0                RTC_WKUP_IRQHandler
                0x00000000080002a0                ETH_WKUP_IRQHandler
                0x00000000080002a0                SPI2_IRQHandler
                0x00000000080002a0                OTG_HS_EP1_IN_IRQHandler
                0x00000000080002a0                MemManage_Handler
                0x00000000080002a0                DMA1_Stream0_IRQHandler
                0x00000000080002a0                CAN1_TX_IRQHandler
                0x00000000080002a0                SVC_Handler
                0x00000000080002a0                EXTI4_IRQHandler
                0x00000000080002a0                FSMC_IRQHandler
                0x00000000080002a0                ETH_IRQHandler
                0x00000000080002a0                OTG_HS_EP1_OUT_IRQHandler
                0x00000000080002a0                WWDG_IRQHandler
                0x00000000080002a0                TIM2_IRQHandler
                0x00000000080002a0                OTG_FS_WKUP_IRQHandler
                0x00000000080002a0                TIM1_TRG_COM_TIM11_IRQHandler
                0x00000000080002a0                OTG_HS_IRQHandler
                0x00000000080002a0                EXTI1_IRQHandler
                0x00000000080002a0                USART2_IRQHandler
                0x00000000080002a0                I2C2_ER_IRQHandler
                0x00000000080002a0                DMA2_Stream1_IRQHandler
                0x00000000080002a0                CAN1_SCE_IRQHandler
                0x00000000080002a0                FLASH_IRQHandler
                0x00000000080002a0                DMA2_Stream4_IRQHandler
                0x00000000080002a0                BusFault_Handler
                0x00000000080002a0                USART1_IRQHandler
                0x00000000080002a0                OTG_FS_IRQHandler
                0x00000000080002a0                SPI3_IRQHandler
                0x00000000080002a0                DMA1_Stream4_IRQHandler
                0x00000000080002a0                I2C1_ER_IRQHandler
                0x00000000080002a0                DMA2_Stream6_IRQHandler
                0x00000000080002a0                RTC_Alarm_IRQHandler
 *fill*         0x00000000080002a2        0x2 
 .text.__libc_init_array
                0x00000000080002a4       0x48 /Applications/Ac6/SystemWorkbench.app/Contents/Eclipse/plugins/fr.ac6.mcu.externaltools.arm-none.macos64_1.17.0.201812190825/tools/compiler/bin/../lib/gcc/arm-none-eabi/7.3.1/../../../../arm-none-eabi/lib/thumb/v7e-m/fpv4-sp/hard/libc.a(lib_a-init.o)
                0x00000000080002a4                __libc_init_array
 .text.startup.register_fini
                0x00000000080002ec       0x14 /Applications/Ac6/SystemWorkbench.app/Contents/Eclipse/plugins/fr.ac6.mcu.externaltools.arm-none.macos64_1.17.0.201812190825/tools/compiler/bin/../lib/gcc/arm-none-eabi/7.3.1/../../../../arm-none-eabi/lib/thumb/v7e-m/fpv4-sp/hard/libc.a(lib_a-__call_atexit.o)
 .text.atexit   0x0000000008000300        0xc /Applications/Ac6/SystemWorkbench.app/Contents/Eclipse/plugins/fr.ac6.mcu.externaltools.arm-none.macos64_1.17.0.201812190825/tools/compiler/bin/../lib/gcc/arm-none-eabi/7.3.1/../../../../arm-none-eabi/lib/thumb/v7e-m/fpv4-sp/hard/libc.a(lib_a-atexit.o)
                0x0000000008000300                atexit
 .text.__libc_fini_array
                0x000000000800030c       0x34 /Applications/Ac6/SystemWorkbench.app/Contents/Eclipse/plugins/fr.ac6.mcu.externaltools.arm-none.macos64_1.17.0.201812190825/tools/compiler/bin/../lib/gcc/arm-none-eabi/7.3.1/../../../../arm-none-eabi/lib/thumb/v7e-m/fpv4-sp/hard/libc.a(lib_a-fini.o)
                0x000000000800030c                __libc_fini_array
 .text.__retarget_lock_acquire_recursive
                0x0000000008000340        0x4 /Applications/Ac6/SystemWorkbench.app/Contents/Eclipse/plugins/fr.ac6.mcu.externaltools.arm-none.macos64_1.17.0.201812190825/tools/compiler/bin/../lib/gcc/arm-none-eabi/7.3.1/../../../../arm-none-eabi/lib/thumb/v7e-m/fpv4-sp/hard/libc.a(lib_a-lock.o)
                0x0000000008000340                __retarget_lock_acquire_recursive
 .text.__retarget_lock_release_recursive
                0x0000000008000344        0x4 /Applications/Ac6/SystemWorkbench.app/Contents/Eclipse/plugins/fr.ac6.mcu.externaltools.arm-none.macos64_1.17.0.201812190825/tools/compiler/bin/../lib/gcc/arm-none-eabi/7.3.1/../../../../arm-none-eabi/lib/thumb/v7e-m/fpv4-sp/hard/libc.a(lib_a-lock.o)
                0x0000000008000344                __retarget_lock_release_recursive
 .text.__register_exitproc
                0x0000000008000348       0xc0 /Applications/Ac6/SystemWorkbench.app/Contents/Eclipse/plugins/fr.ac6.mcu.externaltools.arm-none.macos64_1.17.0.201812190825/tools/compiler/bin/../lib/gcc/arm-none-eabi/7.3.1/../../../../arm-none-eabi/lib/thumb/v7e-m/fpv4-sp/hard/libc.a(lib_a-__atexit.o)
                0x0000000008000348                __register_exitproc
 *(.rodata)
 *(.rodata*)
 .rodata._global_impure_ptr
                0x0000000008000408        0x4 /Applications/Ac6/SystemWorkbench.app/Contents/Eclipse/plugins/fr.ac6.mcu.externaltools.arm-none.macos64_1.17.0.201812190825/tools/compiler/bin/../lib/gcc/arm-none-eabi/7.3.1/../../../../arm-none-eabi/lib/thumb/v7e-m/fpv4-sp/hard/libc.a(lib_a-impure.o)
                0x0000000008000408                _global_impure_ptr
 *(.glue_7)
 .glue_7        0x000000000800040c        0x0 linker stubs
 *(.glue_7t)
 .glue_7t       0x000000000800040c        0x0 linker stubs
 *(.eh_frame)
 .eh_frame      0x000000000800040c        0x0 /Applications/Ac6/SystemWorkbench.app/Contents/Eclipse/plugins/fr.ac6.mcu.externaltools.arm-none.macos64_1.17.0.201812190825/tools/compiler/bin/../lib/gcc/arm-none-eabi/7.3.1/thumb/v7e-m/fpv4-sp/hard/crtbegin.o
 *(.init)
 .init          0x000000000800040c        0x4 /Applications/Ac6/SystemWorkbench.app/Contents/Eclipse/plugins/fr.ac6.mcu.externaltools.arm-none.macos64_1.17.0.201812190825/tools/compiler/bin/../lib/gcc/arm-none-eabi/7.3.1/thumb/v7e-m/fpv4-sp/hard/crti.o
                0x000000000800040c                _init
 .init          0x0000000008000410        0x8 /Applications/Ac6/SystemWorkbench.app/Contents/Eclipse/plugins/fr.ac6.mcu.externaltools.arm-none.macos64_1.17.0.201812190825/tools/compiler/bin/../lib/gcc/arm-none-eabi/7.3.1/thumb/v7e-m/fpv4-sp/hard/crtn.o
 *(.fini)
 .fini          0x0000000008000418        0x4 /Applications/Ac6/SystemWorkbench.app/Contents/Eclipse/plugins/fr.ac6.mcu.externaltools.arm-none.macos64_1.17.0.201812190825/tools/compiler/bin/../lib/gcc/arm-none-eabi/7.3.1/thumb/v7e-m/fpv4-sp/hard/crti.o
                0x0000000008000418                _fini
 .fini          0x000000000800041c        0x8 /Applications/Ac6/SystemWorkbench.app/Contents/Eclipse/plugins/fr.ac6.mcu.externaltools.arm-none.macos64_1.17.0.201812190825/tools/compiler/bin/../lib/gcc/arm-none-eabi/7.3.1/thumb/v7e-m/fpv4-sp/hard/crtn.o
                0x0000000008000424                . = ALIGN (0x4)
                0x0000000008000424                _etext = .

.vfp11_veneer   0x0000000008000424        0x0
 .vfp11_veneer  0x0000000008000424        0x0 linker stubs

.v4_bx          0x0000000008000424        0x0
 .v4_bx         0x0000000008000424        0x0 linker stubs

.iplt           0x0000000008000424        0x0
 .iplt          0x0000000008000424        0x0 /Applications/Ac6/SystemWorkbench.app/Contents/Eclipse/plugins/fr.ac6.mcu.externaltools.arm-none.macos64_1.17.0.201812190825/tools/compiler/bin/../lib/gcc/arm-none-eabi/7.3.1/thumb/v7e-m/fpv4-sp/hard/crtbegin.o

.rel.dyn        0x0000000008000424        0x0
 .rel.iplt      0x0000000008000424        0x0 /Applications/Ac6/SystemWorkbench.app/Contents/Eclipse/plugins/fr.ac6.mcu.externaltools.arm-none.macos64_1.17.0.201812190825/tools/compiler/bin/../lib/gcc/arm-none-eabi/7.3.1/thumb/v7e-m/fpv4-sp/hard/crtbegin.o

.ARM.extab
 *(.ARM.extab* .gnu.linkonce.armextab.*)

.ARM            0x0000000008000424        0x0
                0x0000000008000424                __exidx_start = .
 *(.ARM.exidx*)
                0x0000000008000424                __exidx_end = .

.preinit_array  0x0000000008000424        0x0
                0x0000000008000424                PROVIDE (__preinit_array_start = .)
 *(.preinit_array*)
                0x0000000008000424                PROVIDE (__preinit_array_end = .)

.init_array     0x0000000008000424        0x8
                0x0000000008000424                PROVIDE (__init_array_start = .)
 *(SORT_BY_NAME(.init_array.*))
 .init_array.00000
                0x0000000008000424        0x4 /Applications/Ac6/SystemWorkbench.app/Contents/Eclipse/plugins/fr.ac6.mcu.externaltools.arm-none.macos64_1.17.0.201812190825/tools/compiler/bin/../lib/gcc/arm-none-eabi/7.3.1/../../../../arm-none-eabi/lib/thumb/v7e-m/fpv4-sp/hard/libc.a(lib_a-__call_atexit.o)
 *(.init_array*)
 .init_array    0x0000000008000428        0x4 /Applications/Ac6/SystemWorkbench.app/Contents/Eclipse/plugins/fr.ac6.mcu.externaltools.arm-none.macos64_1.17.0.201812190825/tools/compiler/bin/../lib/gcc/arm-none-eabi/7.3.1/thumb/v7e-m/fpv4-sp/hard/crtbegin.o
                0x000000000800042c                PROVIDE (__init_array_end = .)

.fini_array     0x000000000800042c        0x4
                0x000000000800042c                PROVIDE (__fini_array_start = .)
 *(.fini_array*)
 .fini_array    0x000000000800042c        0x4 /Applications/Ac6/SystemWorkbench.app/Contents/Eclipse/plugins/fr.ac6.mcu.externaltools.arm-none.macos64_1.17.0.201812190825/tools/compiler/bin/../lib/gcc/arm-none-eabi/7.3.1/thumb/v7e-m/fpv4-sp/hard/crtbegin.o
 *(SORT_BY_NAME(.fini_array.*))
                0x0000000008000430                PROVIDE (__fini_array_end = .)
                0x0000000008000430                _sidata = .

.data           0x0000000020000000      0x434 load address 0x0000000008000430
                0x0000000020000000                . = ALIGN (0x4)
                0x0000000020000000                _sdata = .
 *(.data)
 .data          0x0000000020000000        0x8 HAL_Driver/Src/stm32f4xx_hal.o
                0x0000000020000000                uwTickFreq
                0x0000000020000004                uwTickPrio
 *(.data*)
 .data.impure_data
                0x0000000020000008      0x428 /Applications/Ac6/SystemWorkbench.app/Contents/Eclipse/plugins/fr.ac6.mcu.externaltools.arm-none.macos64_1.17.0.201812190825/tools/compiler/bin/../lib/gcc/arm-none-eabi/7.3.1/../../../../arm-none-eabi/lib/thumb/v7e-m/fpv4-sp/hard/libc.a(lib_a-impure.o)
 .data.__atexit_recursive_mutex
                0x0000000020000430        0x4 /Applications/Ac6/SystemWorkbench.app/Contents/Eclipse/plugins/fr.ac6.mcu.externaltools.arm-none.macos64_1.17.0.201812190825/tools/compiler/bin/../lib/gcc/arm-none-eabi/7.3.1/../../../../arm-none-eabi/lib/thumb/v7e-m/fpv4-sp/hard/libc.a(lib_a-__call_atexit.o)
                0x0000000020000430                __atexit_recursive_mutex
                0x0000000020000434                . = ALIGN (0x4)
                0x0000000020000434                _edata = .

.igot.plt       0x0000000020000434        0x0 load address 0x0000000008000864
 .igot.plt      0x0000000020000434        0x0 /Applications/Ac6/SystemWorkbench.app/Contents/Eclipse/plugins/fr.ac6.mcu.externaltools.arm-none.macos64_1.17.0.201812190825/tools/compiler/bin/../lib/gcc/arm-none-eabi/7.3.1/thumb/v7e-m/fpv4-sp/hard/crtbegin.o
                0x0000000020000434                . = ALIGN (0x4)

.bss            0x0000000020000434       0x44 load address 0x0000000008000864
                0x0000000020000434                _sbss = .
                0x0000000020000434                __bss_start__ = _sbss
 *(.bss)
 .bss           0x0000000020000434       0x1c /Applications/Ac6/SystemWorkbench.app/Contents/Eclipse/plugins/fr.ac6.mcu.externaltools.arm-none.macos64_1.17.0.201812190825/tools/compiler/bin/../lib/gcc/arm-none-eabi/7.3.1/thumb/v7e-m/fpv4-sp/hard/crtbegin.o
 *(.bss*)
 *(COMMON)
 COMMON         0x0000000020000450        0x4 HAL_Driver/Src/stm32f4xx_hal.o
                0x0000000020000450                uwTick
 COMMON         0x0000000020000454       0x21 /Applications/Ac6/SystemWorkbench.app/Contents/Eclipse/plugins/fr.ac6.mcu.externaltools.arm-none.macos64_1.17.0.201812190825/tools/compiler/bin/../lib/gcc/arm-none-eabi/7.3.1/../../../../arm-none-eabi/lib/thumb/v7e-m/fpv4-sp/hard/libc.a(lib_a-lock.o)
                0x0000000020000454                __lock___atexit_recursive_mutex
                0x0000000020000458                __lock___arc4random_mutex
                0x000000002000045c                __lock___env_recursive_mutex
                0x0000000020000460                __lock___sinit_recursive_mutex
                0x0000000020000464                __lock___malloc_recursive_mutex
                0x0000000020000468                __lock___at_quick_exit_mutex
                0x000000002000046c                __lock___dd_hash_mutex
                0x0000000020000470                __lock___tz_mutex
                0x0000000020000474                __lock___sfp_recursive_mutex
                0x0000000020000478                . = ALIGN (0x4)
 *fill*         0x0000000020000475        0x3 
                0x0000000020000478                _ebss = .
                0x0000000020000478                __bss_end__ = _ebss

._user_heap_stack
                0x0000000020000478      0x400 load address 0x00000000080008a8
                0x0000000020000478                . = ALIGN (0x8)
                0x0000000020000478                PROVIDE (end = .)
                [!provide]                        PROVIDE (_end = .)
                0x0000000020000478                . = (. + _Min_Heap_Size)
                0x0000000020000878                . = (. + _Min_Stack_Size)
 *fill*         0x0000000020000478      0x400 
                0x0000000020000878                . = ALIGN (0x8)

.memory_b1_text
 *(.mb1text)
 *(.mb1text*)
 *(.mb1rodata)
 *(.mb1rodata*)

/DISCARD/
 libc.a(*)
 libm.a(*)
 libgcc.a(*)

.ARM.attributes
                0x0000000000000000       0x30
 *(.ARM.attributes)
 .ARM.attributes
                0x0000000000000000       0x22 /Applications/Ac6/SystemWorkbench.app/Contents/Eclipse/plugins/fr.ac6.mcu.externaltools.arm-none.macos64_1.17.0.201812190825/tools/compiler/bin/../lib/gcc/arm-none-eabi/7.3.1/thumb/v7e-m/fpv4-sp/hard/crti.o
 .ARM.attributes
                0x0000000000000022       0x34 /Applications/Ac6/SystemWorkbench.app/Contents/Eclipse/plugins/fr.ac6.mcu.externaltools.arm-none.macos64_1.17.0.201812190825/tools/compiler/bin/../lib/gcc/arm-none-eabi/7.3.1/thumb/v7e-m/fpv4-sp/hard/crtbegin.o
 .ARM.attributes
                0x0000000000000056       0x39 HAL_Driver/Src/stm32f4xx_hal.o
 .ARM.attributes
                0x000000000000008f       0x39 HAL_Driver/Src/stm32f4xx_hal_cortex.o
 .ARM.attributes
                0x00000000000000c8       0x39 src/main.o
 .ARM.attributes
                0x0000000000000101       0x39 src/stm32f4xx_it.o
 .ARM.attributes
                0x000000000000013a       0x39 src/system_stm32f4xx.o
 .ARM.attributes
                0x0000000000000173       0x21 startup/startup_stm32f407xx.o
 .ARM.attributes
                0x0000000000000194       0x34 /Applications/Ac6/SystemWorkbench.app/Contents/Eclipse/plugins/fr.ac6.mcu.externaltools.arm-none.macos64_1.17.0.201812190825/tools/compiler/bin/../lib/gcc/arm-none-eabi/7.3.1/../../../../arm-none-eabi/lib/thumb/v7e-m/fpv4-sp/hard/libc.a(lib_a-impure.o)
 .ARM.attributes
                0x00000000000001c8       0x34 /Applications/Ac6/SystemWorkbench.app/Contents/Eclipse/plugins/fr.ac6.mcu.externaltools.arm-none.macos64_1.17.0.201812190825/tools/compiler/bin/../lib/gcc/arm-none-eabi/7.3.1/../../../../arm-none-eabi/lib/thumb/v7e-m/fpv4-sp/hard/libc.a(lib_a-init.o)
 .ARM.attributes
                0x00000000000001fc       0x34 /Applications/Ac6/SystemWorkbench.app/Contents/Eclipse/plugins/fr.ac6.mcu.externaltools.arm-none.macos64_1.17.0.201812190825/tools/compiler/bin/../lib/gcc/arm-none-eabi/7.3.1/../../../../arm-none-eabi/lib/thumb/v7e-m/fpv4-sp/hard/libc.a(lib_a-__call_atexit.o)
 .ARM.attributes
                0x0000000000000230       0x34 /Applications/Ac6/SystemWorkbench.app/Contents/Eclipse/plugins/fr.ac6.mcu.externaltools.arm-none.macos64_1.17.0.201812190825/tools/compiler/bin/../lib/gcc/arm-none-eabi/7.3.1/../../../../arm-none-eabi/lib/thumb/v7e-m/fpv4-sp/hard/libc.a(lib_a-atexit.o)
 .ARM.attributes
                0x0000000000000264       0x34 /Applications/Ac6/SystemWorkbench.app/Contents/Eclipse/plugins/fr.ac6.mcu.externaltools.arm-none.macos64_1.17.0.201812190825/tools/compiler/bin/../lib/gcc/arm-none-eabi/7.3.1/../../../../arm-none-eabi/lib/thumb/v7e-m/fpv4-sp/hard/libc.a(lib_a-fini.o)
 .ARM.attributes
                0x0000000000000298       0x34 /Applications/Ac6/SystemWorkbench.app/Contents/Eclipse/plugins/fr.ac6.mcu.externaltools.arm-none.macos64_1.17.0.201812190825/tools/compiler/bin/../lib/gcc/arm-none-eabi/7.3.1/../../../../arm-none-eabi/lib/thumb/v7e-m/fpv4-sp/hard/libc.a(lib_a-lock.o)
 .ARM.attributes
                0x00000000000002cc       0x34 /Applications/Ac6/SystemWorkbench.app/Contents/Eclipse/plugins/fr.ac6.mcu.externaltools.arm-none.macos64_1.17.0.201812190825/tools/compiler/bin/../lib/gcc/arm-none-eabi/7.3.1/../../../../arm-none-eabi/lib/thumb/v7e-m/fpv4-sp/hard/libc.a(lib_a-__atexit.o)
 .ARM.attributes
                0x0000000000000300       0x22 /Applications/Ac6/SystemWorkbench.app/Contents/Eclipse/plugins/fr.ac6.mcu.externaltools.arm-none.macos64_1.17.0.201812190825/tools/compiler/bin/../lib/gcc/arm-none-eabi/7.3.1/thumb/v7e-m/fpv4-sp/hard/crtn.o
OUTPUT(f4discovery.elf elf32-littlearm)

.comment        0x0000000000000000       0x7f
 .comment       0x0000000000000000       0x7f HAL_Driver/Src/stm32f4xx_hal.o
                                         0x80 (size before relaxing)
 .comment       0x000000000000007f       0x80 HAL_Driver/Src/stm32f4xx_hal_cortex.o
 .comment       0x000000000000007f       0x80 src/main.o
 .comment       0x000000000000007f       0x80 src/stm32f4xx_it.o
 .comment       0x000000000000007f       0x80 src/system_stm32f4xx.o

.debug_frame    0x0000000000000000      0x1c0
 .debug_frame   0x0000000000000000       0x2c /Applications/Ac6/SystemWorkbench.app/Contents/Eclipse/plugins/fr.ac6.mcu.externaltools.arm-none.macos64_1.17.0.201812190825/tools/compiler/bin/../lib/gcc/arm-none-eabi/7.3.1/../../../../arm-none-eabi/lib/thumb/v7e-m/fpv4-sp/hard/libc.a(lib_a-init.o)
 .debug_frame   0x000000000000002c       0x5c /Applications/Ac6/SystemWorkbench.app/Contents/Eclipse/plugins/fr.ac6.mcu.externaltools.arm-none.macos64_1.17.0.201812190825/tools/compiler/bin/../lib/gcc/arm-none-eabi/7.3.1/../../../../arm-none-eabi/lib/thumb/v7e-m/fpv4-sp/hard/libc.a(lib_a-__call_atexit.o)
 .debug_frame   0x0000000000000088       0x20 /Applications/Ac6/SystemWorkbench.app/Contents/Eclipse/plugins/fr.ac6.mcu.externaltools.arm-none.macos64_1.17.0.201812190825/tools/compiler/bin/../lib/gcc/arm-none-eabi/7.3.1/../../../../arm-none-eabi/lib/thumb/v7e-m/fpv4-sp/hard/libc.a(lib_a-atexit.o)
 .debug_frame   0x00000000000000a8       0x34 /Applications/Ac6/SystemWorkbench.app/Contents/Eclipse/plugins/fr.ac6.mcu.externaltools.arm-none.macos64_1.17.0.201812190825/tools/compiler/bin/../lib/gcc/arm-none-eabi/7.3.1/../../../../arm-none-eabi/lib/thumb/v7e-m/fpv4-sp/hard/libc.a(lib_a-fini.o)
 .debug_frame   0x00000000000000dc       0xb0 /Applications/Ac6/SystemWorkbench.app/Contents/Eclipse/plugins/fr.ac6.mcu.externaltools.arm-none.macos64_1.17.0.201812190825/tools/compiler/bin/../lib/gcc/arm-none-eabi/7.3.1/../../../../arm-none-eabi/lib/thumb/v7e-m/fpv4-sp/hard/libc.a(lib_a-lock.o)
 .debug_frame   0x000000000000018c       0x34 /Applications/Ac6/SystemWorkbench.app/Contents/Eclipse/plugins/fr.ac6.mcu.externaltools.arm-none.macos64_1.17.0.201812190825/tools/compiler/bin/../lib/gcc/arm-none-eabi/7.3.1/../../../../arm-none-eabi/lib/thumb/v7e-m/fpv4-sp/hard/libc.a(lib_a-__atexit.o)
